(gdb) b main
Breakpoint 1 at 0x7f4: file p5original.c, line 24.
(gdb) r
Starting program: /home/runner/pps-test1-BalajiVirat114-3/a.out 
warning: Error disabling address space randomization: Operation not permitted

Breakpoint 1, main () at p5original.c:24
24  {
(gdb) n
26    x=input();
(gdb) n
Enter the number10
27    y=input();
(gdb) n
Enter the number15
28    z=input();
(gdb) n
Enter the number58
29    cmp(x,y,z,&l);
(gdb) n
30    output(l);
(gdb) n
largest number is: 58
31    return 0;
(gdb) c
Continuing.
[Inferior 1 (process 198) exited normally]
(gdb) 
